V3 15
FL /home/ekorletey/first_presentation/addition.vhd 2022/10/25.00:09:06 P.20131013
EN work/addition 1666681909 FL /home/ekorletey/first_presentation/addition.vhd \
      PB ieee/std_logic_1164 1381692176 PB ieee/STD_LOGIC_UNSIGNED 1381692179
AR work/addition/Behavioral 1666681910 \
      FL /home/ekorletey/first_presentation/addition.vhd EN work/addition 1666681909
FL /home/ekorletey/first_presentation/Example1.vhd 2022/10/24.23:54:01 P.20131013
EN work/Example1 1666681911 FL /home/ekorletey/first_presentation/Example1.vhd \
      PB ieee/std_logic_1164 1381692176 PB ieee/std_logic_arith 1381692177
AR work/Example1/Behavioral 1666681912 \
      FL /home/ekorletey/first_presentation/Example1.vhd EN work/Example1 1666681911 \
      CP sum CP NREG CP addition
FL /home/ekorletey/first_presentation/N.vhd 2022/10/24.22:27:33 P.20131013
EN work/NREG 1666681907 FL /home/ekorletey/first_presentation/N.vhd \
      PB ieee/std_logic_1164 1381692176 PB ieee/STD_LOGIC_UNSIGNED 1381692179
AR work/NREG/Behavioral 1666681908 \
      FL /home/ekorletey/first_presentation/N.vhd EN work/NREG 1666681907
FL /home/ekorletey/first_presentation/sum.vhd 2022/10/24.21:56:55 P.20131013
EN work/sum 1666681905 FL /home/ekorletey/first_presentation/sum.vhd \
      PB ieee/std_logic_1164 1381692176
AR work/sum/Behavioral 1666681906 \
      FL /home/ekorletey/first_presentation/sum.vhd EN work/sum 1666681905
